Microchip MPLAB XC8 Compiler V3.10

Linker command line:

-W-3 \
  --edf=C:/Users/Usuario/.mchp_packs/Microchip/PIC16Fxxx_DFP/1.8.167/xc8\pic\dat\20260422061002_en.msgs \
  -cn -h+dist/default/production\control_servo.X.production.sym \
  --cmf=dist/default/production\control_servo.X.production.cmf -z -Q16F877A \
  -oC:\Users\Usuario\AppData\Local\Temp\xcBs26g.1\driver_tmp_3.o \
  --defsym=__MPLAB_BUILD=1 --fixupoverflow=error \
  -Mdist/default/production/control_servo.X.production.map \
  --md=C:\Users\Usuario\AppData\Local\Temp\xcBs26g.1\driver_tmp_0.dat -E1 \
  -ver=XC8 Compiler -ACODE=00h-07FFhx4 -ASTRCODE=00h-01FFFh \
  -ASTRING=00h-0FFhx32 -ACONST=00h-0FFhx32 -AENTRY=00h-0FFhx32 \
  -ACOMMON=070h-07Fh -ABANK0=020h-06Fh -ABANK1=0A0h-0EFh \
  -ABANK2=0110h-016Fh -ABANK3=0190h-01EFh \
  -ARAM=020h-06Fh,0A0h-0EFh,0110h-016Fh,0190h-01EFh \
  -AABS1=020h-07Fh,0A0h-0EFh,0110h-016Fh,0190h-01EFh -ASFR0=00h-01Fh \
  -ASFR1=080h-09Fh -ASFR2=0100h-010Fh -ASFR3=0180h-018Fh \
  -ACONFIG=02007h-02007h -DCONFIG=2 -AIDLOC=02000h-02003h -DIDLOC=2 \
  -AEEDATA=00h-0FFh/02100h -peeprom_data=EEDATA -DEEDATA=2 -DCODE=2 \
  -DSTRCODE=2 -DSTRING=2 -DCONST=2 -DENTRY=2 \
  -preset_vec=00h,intentry=04h,sivt,init,end_init -ppowerup=CODE \
  -pcinit=CODE -pfunctab=ENTRY -k \
  C:\Users\Usuario\AppData\Local\Temp\xcBs26g.1\driver_tmp_12.o \
  dist/default/production\control_servo.X.production.o 

Object code version is 3.11

Machine type is 16F877A



                Name                               Link     Load   Length Selector   Space Scale
C:\Users\Usuario\AppData\Local\Temp\xcBs26g.1\driver_tmp_12.o
                end_init                              C        C        3        8       0
                reset_vec                             0        0        3        0       0
dist/default/production\control_servo.X.production.o
                cinit                                 F        F        4        8       0
                intentry                              4        4        8        8       0
                text4                                E7       E7       19        8       0
                text3                                9F       9F       25        8       0
                text2                                72       72       2D        8       0
                text1                                C4       C4       23        8       0
                maintext                             13       13       5F        8       0
                cstackCOMMON                         70       70        C       70       1

TOTAL           Name                               Link     Load   Length     Space
        CLASS   CODE           
                end_init                              C        C        3         0
                cinit                                 F        F        4         0
                intentry                              4        4        8         0
                reset_vec                             0        0        3         0
                text4                                E7       E7       19         0
                text3                                9F       9F       25         0
                text2                                72       72       2D         0
                text1                                C4       C4       23         0
                maintext                             13       13       5F         0

        CLASS   STRCODE        

        CLASS   STRING         

        CLASS   CONST          

        CLASS   ENTRY          

        CLASS   COMMON         
                cstackCOMMON                         70       70        C         1

        CLASS   BANK0          

        CLASS   BANK1          

        CLASS   BANK2          

        CLASS   BANK3          

        CLASS   RAM            

        CLASS   ABS1           
                abs_s1                               7E       7E        2         1

        CLASS   SFR0           

        CLASS   SFR1           

        CLASS   SFR2           

        CLASS   SFR3           

        CLASS   CONFIG         

        CLASS   IDLOC          

        CLASS   EEDATA         

        CLASS   HEAP           

        CLASS   STACK          



SEGMENTS        Name                           Load    Length   Top    Selector   Space  Class     Delta

                reset_vec                      000000  000003  000003         0       0  CODE        2
                intentry                       000004  0000FC  000100         8       0  CODE        2
                cstackCOMMON                   000070  00000C  00007C        70       1  COMMON      1


UNUSED ADDRESS RANGES

        Name                Unused          Largest block    Delta
        BANK0            020-06F            50           1
        BANK1            0A0-0EF            50           1
        BANK2            110-16F            60           1
        BANK3            190-1EF            60           1
        CODE             003-003             1           2
                         100-1FFF           800
        COMMON           07C-07D             2           1
        CONFIG           2007-2007             1           2
        CONST            003-003             1           2
                         100-1FFF           100
        EEDATA           2100-21FF           100           2
        ENTRY            003-003             1           2
                         100-1FFF           100
        IDLOC            2000-2003             4           2
        RAM              020-06F            50           1
                         0A0-0EF            50
                         110-16F            60
                         190-1EF            60
        SFR0             000-01F            20           1
        SFR1             080-09F            20           1
        SFR2             100-10F            10           1
        SFR3             180-18F            10           1
        STRCODE          003-003             1           2
                         100-1FFF          1F00
        STRING           003-003             1           2
                         100-1FFF           100

                                  Symbol Table

?___wmul                 cstackCOMMON 072
Servo_Set@porcentaje     cstackCOMMON 078
_CCP1CON                 (abs)        017
_CCP1IF                  (abs)        062
_CCPR1                   (abs)        015
_INTCON                  (abs)        00B
_ISR                     text4        0E7
_PIE1                    (abs)        08C
_RB0                     (abs)        030
_RB1                     (abs)        031
_RC2                     (abs)        03A
_Servo_Init              text1        0C4
_Servo_Set               text2        072
_T1CON                   (abs)        010
_TMR1                    (abs)        00E
_TMR1IF                  (abs)        060
_TRISB                   (abs)        086
_TRISC2                  (abs)        43A
__H__absolute__          __absolute__ 000
__Habs1                  abs1         000
__Hbank0                 bank0        000
__Hbank1                 bank1        000
__Hbank2                 bank2        000
__Hbank3                 bank3        000
__Hcinit                 cinit        013
__Hclrtext               clrtext      000
__Hcode                  code         000
__Hcommon                common       000
__HcstackCOMMON          cstackCOMMON 000
__Heeprom_data           eeprom_data  000
__Hend_init              end_init     00F
__Hfunctab               functab      000
__Hheap                  heap         000
__Hinit                  init         00C
__Hintentry              intentry     00C
__Hmaintext              maintext     000
__Hpowerup               powerup      000
__Hram                   ram          000
__Hreset_vec             reset_vec    003
__Hsfr0                  sfr0         000
__Hsfr1                  sfr1         000
__Hsfr2                  sfr2         000
__Hsfr3                  sfr3         000
__Hsivt                  sivt         00C
__Hspace_0               (abs)        100
__Hspace_1               (abs)        07C
__Hspace_2               (abs)        000
__Hspace_3               (abs)        000
__Hstack                 stack        000
__Hstrings               strings      000
__Htext                  text         000
__L__absolute__          __absolute__ 000
__Labs1                  abs1         000
__Lbank0                 bank0        000
__Lbank1                 bank1        000
__Lbank2                 bank2        000
__Lbank3                 bank3        000
__Lcinit                 cinit        00F
__Lclrtext               clrtext      000
__Lcode                  code         000
__Lcommon                common       000
__LcstackCOMMON          cstackCOMMON 000
__Leeprom_data           eeprom_data  000
__Lend_init              end_init     00C
__Lfunctab               functab      000
__Lheap                  heap         000
__Linit                  init         00C
__Lintentry              intentry     004
__Lmaintext              maintext     000
__Lpowerup               powerup      000
__Lram                   ram          000
__Lreset_vec             reset_vec    000
__Lsfr0                  sfr0         000
__Lsfr1                  sfr1         000
__Lsfr2                  sfr2         000
__Lsfr3                  sfr3         000
__Lsivt                  sivt         00C
__Lspace_0               (abs)        000
__Lspace_1               (abs)        000
__Lspace_2               (abs)        000
__Lspace_3               (abs)        000
__Lstack                 stack        000
__Lstrings               strings      000
__Ltext                  text         000
__S0                     (abs)        100
__S1                     (abs)        07C
__S3                     (abs)        000
___heap_hi               (abs)        000
___heap_lo               (abs)        000
___int_sp                stack        000
___int_stack_hi          stack        000
___int_stack_lo          stack        000
___latbits               (abs)        002
___sp                    stack        000
___stack_hi              stack        000
___stack_lo              stack        000
___stackhi               (abs)        000
___stacklo               (abs)        000
___wmul                  text3        09F
___wmul@multiplicand     cstackCOMMON 074
___wmul@multiplier       cstackCOMMON 072
___wmul@product          cstackCOMMON 076
__end_of_ISR             text4        100
__end_of_Servo_Init      text1        0E7
__end_of_Servo_Set       text2        09F
__end_of___wmul          text3        0C4
__end_of__initialization cinit        00F
__end_of_main            maintext     072
__initialization         cinit        00F
__pcstackCOMMON          cstackCOMMON 070
__pintentry              intentry     004
__pmaintext              maintext     013
__ptext1                 text1        0C4
__ptext2                 text2        072
__ptext3                 text3        09F
__ptext4                 text4        0E7
_main                    maintext     013
btemp                    (abs)        07E
btemp0                   (abs)        07E
btemp1                   (abs)        07F
end_of_initialization    cinit        00F
interrupt_function       intentry     004
intlevel0                functab      000
intlevel1                functab      000
intlevel2                functab      000
intlevel3                functab      000
intlevel4                functab      000
intlevel5                functab      000
ltemp0a                  (abs)        080
reset_vec                reset_vec    000
saved_w                  (abs)        07E
start                    init         00C
start_initialization     cinit        00F
ttemp0a                  (abs)        07F
wtemp0                   (abs)        07E
wtemp0a                  (abs)        07F


MODULE INFORMATION

Module		Function		Class		Link	Load	Size
Servo.c
		_Servo_Set     		CODE           	0072	0000	45
		_ISR           		CODE           	00E7	0000	25
		_Servo_Init    		CODE           	00C4	0000	35

Servo.c estimated size: 105

shared
		__initialization		CODE           	000F	0000	1

shared estimated size: 1

main.c
		_main          		CODE           	0013	0000	95

main.c estimated size: 95

C:\Program Files\Microchip\xc8\v3.10\pic\sources\c99\common\Umul16.c
		___wmul        		CODE           	009F	0000	37

C:\Program Files\Microchip\xc8\v3.10\pic\sources\c99\common\Umul16.c estimated size: 37

